// Jest Snapshot v1, https://goo.gl/fbAQLP

exports[`renders the Card component 1`] = `
<body>
  <div>
    <div>
      <div
        class="mt-2 card bg-red"
      >
        <div
          class="card-body"
        >
          <div
            class="card-title h5"
            style="margin-top: .75rem;"
          >
            <button
              class="float-right btn-light btn btn-primary"
              type="button"
            >
              Delete
            </button>
            <h2>
              Mark
            </h2>
          </div>
        </div>
      </div>
    </div>
  </div>
</body>
`;
