// Jest Snapshot v1, https://goo.gl/fbAQLP

exports[`renders the Welcome component 1`] = `
<body>
  <div>
    <div>
      <div
        class="text-center mt-5 container-fluid"
      >
        <div
          class="mb-5 row"
        >
          <div
            class="col"
          >
            <h1>
              Welcome to K-Cards online
            </h1>
          </div>
        </div>
        <div
          class="row"
        >
          <div
            class="col"
          />
          <div
            class="col"
          >
            <h2>
              Join a Workshop
            </h2>
            <p>
              Enter your name and the workshop code to Join Workshop
            </p>
            <form
              class=""
            >
              <input
                class="mb-3 form-control"
                data-testid="attendeeName"
                placeholder="Your name"
              />
              <input
                class="mb-3 form-control"
                data-testid="workshopCode"
                placeholder="Workshop code"
              />
              <button
                class="btn btn-primary"
                data-testid="joinWorkshop"
                type="button"
              >
                Join Workshop
              </button>
            </form>
          </div>
          <div
            class="col"
          >
            <h2>
              Host a Workshop
            </h2>
            <p>
              Enter the name of the workshop and click Start Workshop
            </p>
            <form
              class=""
            >
              <input
                class="mb-3 form-control"
                data-testid="workshopName"
                placeholder="Workshop name"
              />
              <button
                class="mt-5 btn btn-primary"
                data-testid="startWorkshop"
                type="button"
              >
                Start Workshop
              </button>
            </form>
          </div>
          <div
            class="col"
          />
        </div>
      </div>
    </div>
  </div>
</body>
`;
